../Core/Src/main.c:229:13:HC125N_Init	32	static
../Core/Src/main.c:255:13:HC125N_Enable	8	static
../Core/Src/main.c:263:13:HC125N_Disable	8	static
../Core/Src/main.c:270:16:HC125N_IsEnabled	4	static
../Core/Src/main.c:350:13:DxlScanResponder_PutSensorValue	16	static
../Core/Src/main.c:359:13:DxlScanResponder_UpdateSensorData	24	static
../Core/Src/main.c:375:13:DxlScanResponder_ReadSensors	16	static
../Core/Src/main.c:415:13:HX711_Init_Pins	40	static
../Core/Src/main.c:451:16:HX711_ReadValue	40	static
../Core/Src/main.c:511:13:HX711_Calibrate_Offset	16	static
../Core/Src/main.c:539:6:ForceFoot_DxlScan_Init	16	static
../Core/Src/main.c:573:6:ForceFoot_DxlScan_Task	8	static
../Core/Src/main.c:595:6:HAL_UART_RxCpltCallback	16	static
../Core/Src/main.c:607:6:HAL_UART_ErrorCallback	32	static
../Core/Src/main.c:621:26:DxlScanResponder_Start	16	static
../Core/Src/main.c:627:13:ForceFoot_MarkBusActivity	8	static
../Core/Src/main.c:633:13:ForceFoot_UpdateActivityLed	16	static
../Core/Src/main.c:650:13:Debug_SetTxPendingIndicator	16	static
../Core/Src/main.c:659:13:DxlScanResponder_InitControlTable	24	static
../Core/Src/main.c:684:13:DxlScanResponder_UpdateTelemetry	16	static
../Core/Src/main.c:690:13:DxlScanResponder_ProcessByte	16	static
../Core/Src/main.c:700:13:DxlScanResponder_SetDirectionRx	16	static
../Core/Src/main.c:710:13:DxlScanResponder_SetDirectionTx	16	static
../Core/Src/main.c:720:13:DxlScanResponder_ResetParser	16	static
../Core/Src/main.c:725:17:DxlScanResponder_UpdateCrc	24	static
../Core/Src/main.c:774:17:DxlScanResponder_RemoveStuffing	32	static
../Core/Src/main.c:807:17:DxlScanResponder_ApplyStuffing	32	static
../Core/Src/main.c:836:13:DxlScanResponder_ProcessBuffer	304	static
../Core/Src/main.c:911:16:DxlScanResponder_ReadRegister	16	static
../Core/Src/main.c:920:17:DxlScanResponder_ReadWord	24	static
../Core/Src/main.c:926:17:DxlScanResponder_ReadDword	24	static
../Core/Src/main.c:934:13:DxlScanResponder_WriteWord	16	static
../Core/Src/main.c:944:13:DxlScanResponder_WriteDword	24	static
../Core/Src/main.c:958:16:DxlScanResponder_IsWritableAddress	16	static
../Core/Src/main.c:971:13:DxlScanResponder_WriteRegister	16	static
../Core/Src/main.c:991:16:DxlScanResponder_WriteBlock	32	static
../Core/Src/main.c:1018:16:DxlScanResponder_ShouldRespond	24	static
../Core/Src/main.c:1043:13:DxlScanResponder_HandlePacket	304	static
../Core/Src/main.c:1124:13:DxlScanResponder_QueueStatus	304	static
../Core/Src/main.c:1174:13:DxlScanResponder_RestartReception	16	static
../Core/Src/main.c:1184:5:main	8	static
../Core/Src/main.c:1234:6:SystemClock_Config	88	static
../Core/Src/main.c:1280:13:MX_USART1_UART_Init	8	static
../Core/Src/main.c:1313:13:MX_GPIO_Init	48	static
../Core/Src/main.c:1375:6:Error_Handler	4	static,ignoring_inline_asm
