../Core/Src/main.c:262:13:DxlScanResponder_PutSensorValue	16	static
../Core/Src/main.c:271:13:DxlScanResponder_UpdateSensorData	24	static
../Core/Src/main.c:287:13:DxlScanResponder_ReadSensors	16	static
../Core/Src/main.c:327:13:HX711_Init_Pins	40	static
../Core/Src/main.c:363:16:HX711_ReadValue	40	static
../Core/Src/main.c:423:13:HX711_Calibrate_Offset	16	static
../Core/Src/main.c:451:6:ForceFoot_DxlScan_Init	16	static
../Core/Src/main.c:482:6:ForceFoot_DxlScan_Task	8	static
../Core/Src/main.c:499:6:HAL_UART_RxCpltCallback	16	static
../Core/Src/main.c:511:6:HAL_UART_ErrorCallback	32	static
../Core/Src/main.c:525:26:DxlScanResponder_Start	16	static
../Core/Src/main.c:531:13:ForceFoot_MarkBusActivity	8	static
../Core/Src/main.c:537:13:ForceFoot_UpdateActivityLed	16	static
../Core/Src/main.c:554:13:Debug_SetTxPendingIndicator	16	static
../Core/Src/main.c:563:13:DxlScanResponder_InitControlTable	24	static
../Core/Src/main.c:588:13:DxlScanResponder_UpdateTelemetry	16	static
../Core/Src/main.c:594:13:DxlScanResponder_ProcessByte	16	static
../Core/Src/main.c:604:13:DxlScanResponder_SetDirectionRx	16	static
../Core/Src/main.c:609:13:DxlScanResponder_SetDirectionTx	16	static
../Core/Src/main.c:614:13:DxlScanResponder_ResetParser	16	static
../Core/Src/main.c:619:17:DxlScanResponder_UpdateCrc	24	static
../Core/Src/main.c:668:17:DxlScanResponder_RemoveStuffing	32	static
../Core/Src/main.c:701:17:DxlScanResponder_ApplyStuffing	32	static
../Core/Src/main.c:730:13:DxlScanResponder_ProcessBuffer	304	static
../Core/Src/main.c:805:16:DxlScanResponder_ReadRegister	16	static
../Core/Src/main.c:814:17:DxlScanResponder_ReadWord	24	static
../Core/Src/main.c:820:17:DxlScanResponder_ReadDword	24	static
../Core/Src/main.c:828:13:DxlScanResponder_WriteWord	16	static
../Core/Src/main.c:838:13:DxlScanResponder_WriteDword	24	static
../Core/Src/main.c:852:16:DxlScanResponder_IsWritableAddress	16	static
../Core/Src/main.c:865:13:DxlScanResponder_WriteRegister	16	static
../Core/Src/main.c:885:16:DxlScanResponder_WriteBlock	32	static
../Core/Src/main.c:912:16:DxlScanResponder_ShouldRespond	24	static
../Core/Src/main.c:937:13:DxlScanResponder_HandlePacket	304	static
../Core/Src/main.c:1018:13:DxlScanResponder_QueueStatus	304	static
../Core/Src/main.c:1068:13:DxlScanResponder_RestartReception	16	static
../Core/Src/main.c:1078:5:main	8	static
../Core/Src/main.c:1127:6:SystemClock_Config	88	static
../Core/Src/main.c:1173:13:MX_USART1_UART_Init	8	static
../Core/Src/main.c:1206:13:MX_GPIO_Init	48	static
../Core/Src/main.c:1268:6:Error_Handler	4	static,ignoring_inline_asm
