../Core/Src/main.c:229:13:HC125N_Init	1
../Core/Src/main.c:255:13:HC125N_Enable	1
../Core/Src/main.c:263:13:HC125N_Disable	1
../Core/Src/main.c:270:16:HC125N_IsEnabled	1
../Core/Src/main.c:350:13:DxlScanResponder_PutSensorValue	1
../Core/Src/main.c:359:13:DxlScanResponder_UpdateSensorData	2
../Core/Src/main.c:375:13:DxlScanResponder_ReadSensors	4
../Core/Src/main.c:415:13:HX711_Init_Pins	2
../Core/Src/main.c:451:16:HX711_ReadValue	10
../Core/Src/main.c:511:13:HX711_Calibrate_Offset	3
../Core/Src/main.c:539:6:ForceFoot_DxlScan_Init	2
../Core/Src/main.c:573:6:ForceFoot_DxlScan_Task	3
../Core/Src/main.c:595:6:HAL_UART_RxCpltCallback	2
../Core/Src/main.c:607:6:HAL_UART_ErrorCallback	2
../Core/Src/main.c:621:26:DxlScanResponder_Start	1
../Core/Src/main.c:627:13:ForceFoot_MarkBusActivity	1
../Core/Src/main.c:633:13:ForceFoot_UpdateActivityLed	3
../Core/Src/main.c:650:13:Debug_SetTxPendingIndicator	2
../Core/Src/main.c:659:13:DxlScanResponder_InitControlTable	2
../Core/Src/main.c:684:13:DxlScanResponder_UpdateTelemetry	1
../Core/Src/main.c:690:13:DxlScanResponder_ProcessByte	2
../Core/Src/main.c:700:13:DxlScanResponder_SetDirectionRx	1
../Core/Src/main.c:710:13:DxlScanResponder_SetDirectionTx	1
../Core/Src/main.c:720:13:DxlScanResponder_ResetParser	1
../Core/Src/main.c:725:17:DxlScanResponder_UpdateCrc	2
../Core/Src/main.c:774:17:DxlScanResponder_RemoveStuffing	9
../Core/Src/main.c:807:17:DxlScanResponder_ApplyStuffing	8
../Core/Src/main.c:836:13:DxlScanResponder_ProcessBuffer	13
../Core/Src/main.c:911:16:DxlScanResponder_ReadRegister	2
../Core/Src/main.c:920:17:DxlScanResponder_ReadWord	1
../Core/Src/main.c:926:17:DxlScanResponder_ReadDword	1
../Core/Src/main.c:934:13:DxlScanResponder_WriteWord	2
../Core/Src/main.c:944:13:DxlScanResponder_WriteDword	2
../Core/Src/main.c:958:16:DxlScanResponder_IsWritableAddress	2
../Core/Src/main.c:971:13:DxlScanResponder_WriteRegister	6
../Core/Src/main.c:991:16:DxlScanResponder_WriteBlock	8
../Core/Src/main.c:1018:16:DxlScanResponder_ShouldRespond	9
../Core/Src/main.c:1043:13:DxlScanResponder_HandlePacket	20
../Core/Src/main.c:1124:13:DxlScanResponder_QueueStatus	5
../Core/Src/main.c:1174:13:DxlScanResponder_RestartReception	1
../Core/Src/main.c:1184:5:main	1
../Core/Src/main.c:1234:6:SystemClock_Config	3
../Core/Src/main.c:1280:13:MX_USART1_UART_Init	2
../Core/Src/main.c:1313:13:MX_GPIO_Init	1
../Core/Src/main.c:1375:6:Error_Handler	1
